STDOUT:

> cyber-portfolio@0.1.0 build
> next build

▲ Next.js 16.1.1 (Turbopack)

  Creating an optimized production build ...
✓ Compiled successfully in 8.9s
  Running TypeScript ...
  Collecting page data using 15 workers ...
  Generating static pages using 15 workers (0/8) ...


STDERR:
Error occurred prerendering page "/about". Read more: https://nextjs.org/docs/messages/prerender-error
TypeError: u is not a function
    at s (D:\WebApps\cyber-portfolio\.next\server\chunks\ssr\_55201619._.js:1:4817) {
  digest: '283201750'
}
Export encountered an error on /about/page: /about, exiting the build.
⨯ Next.js build worker exited with code: 1 and signal: null
